root - INFO - **********
root - INFO - Running on cuda
root - INFO - Loading model from: C:\Users\karth\Downloads\Projects\Mini_Project\MDD2\Marine_Debris_Detection\semantic_segmentation\unet\trained_models\best_model_marine_debris.pth
root - INFO - 
STATISTICS:

root - INFO - Evaluation: {'macroPrec': 0.655805355959351, 'microPrec': 0.8824764065009776, 'weightPrec': 0.9012803716331198, 'macroRec': 0.7713090111826273, 'microRec': 0.8824764065009776, 'weightRec': 0.8824764065009776, 'macroF1': 0.67992879878547, 'microF1': 0.8824764065009776, 'weightF1': 0.8848729765103522, 'subsetAcc': 0.8824764065009776, 'IoU': 0.5534995232562862, 'classIoU': [0.3530031612223393, 0.7384020618556701, 0.6010137581462708, 0.11594202898550725, 0.6179441473559121, 0.6697985364531575, 0.5464839795654118, 0.9786468458985403, 0.2657621707901037, 0.7858148764562796, 0.41568318908995544], 'confusionMatrix': [[335, 0, 8, 5, 4, 0, 27, 0, 2, 0, 0], [0, 573, 185, 2, 0, 0, 0, 0, 0, 0, 0], [12, 16, 830, 10, 0, 0, 13, 0, 0, 0, 0], [23, 0, 13, 8, 0, 0, 4, 0, 1, 0, 0], [67, 0, 0, 0, 1040, 0, 25, 1, 35, 6, 0], [62, 0, 17, 0, 66, 22242, 10431, 2, 3, 15, 5], [363, 0, 233, 3, 384, 316, 23213, 4, 146, 5623, 334], [23, 0, 4, 0, 0, 6, 318, 91113, 632, 941, 0], [8, 0, 0, 0, 40, 0, 4, 0, 333, 1, 1], [0, 0, 0, 0, 15, 1, 487, 57, 9, 30690, 967], [10, 0, 40, 0, 0, 41, 549, 0, 38, 243, 1585]]}
root - INFO - Confusion Matrix:
                         Marine Debris Dense Sargassum Sparse Sargassum Natural Organic Material    Ship   Clouds Marine Water Sediment-Laden Water    Foam Turbid Water Shallow Water        Sum Recall
Marine Debris                    335.0             0.0              8.0                      5.0     4.0      0.0         27.0                  0.0     2.0          0.0           0.0      381.0   0.88
Dense Sargassum                    0.0           573.0            185.0                      2.0     0.0      0.0          0.0                  0.0     0.0          0.0           0.0      760.0   0.75
Sparse Sargassum                  12.0            16.0            830.0                     10.0     0.0      0.0         13.0                  0.0     0.0          0.0           0.0      881.0   0.94
Natural Organic Material          23.0             0.0             13.0                      8.0     0.0      0.0          4.0                  0.0     1.0          0.0           0.0       49.0   0.16
Ship                              67.0             0.0              0.0                      0.0  1040.0      0.0         25.0                  1.0    35.0          6.0           0.0     1174.0   0.89
Clouds                            62.0             0.0             17.0                      0.0    66.0  22242.0      10431.0                  2.0     3.0         15.0           5.0    32843.0   0.68
Marine Water                     363.0             0.0            233.0                      3.0   384.0    316.0      23213.0                  4.0   146.0       5623.0         334.0    30619.0   0.76
Sediment-Laden Water              23.0             0.0              4.0                      0.0     0.0      6.0        318.0              91113.0   632.0        941.0           0.0    93037.0   0.98
Foam                               8.0             0.0              0.0                      0.0    40.0      0.0          4.0                  0.0   333.0          1.0           1.0      387.0   0.86
Turbid Water                       0.0             0.0              0.0                      0.0    15.0      1.0        487.0                 57.0     9.0      30690.0         967.0    32226.0   0.95
Shallow Water                     10.0             0.0             40.0                      0.0     0.0     41.0        549.0                  0.0    38.0        243.0        1585.0     2506.0   0.63
Sum                              903.0           589.0           1330.0                     28.0  1549.0  22606.0      35071.0              91177.0  1199.0      37519.0        2892.0       mPA:   0.77
IoU                               0.35            0.74              0.6                     0.12    0.62     0.67         0.55                 0.98    0.27         0.79          0.42      mIoU:   0.55
Precision                         0.37            0.97             0.62                     0.29    0.67     0.98         0.66                  1.0    0.28         0.82          0.55        OA:   0.88
F1-score                          0.52            0.85             0.75                     0.21    0.76      0.8         0.71                 0.99    0.42         0.88          0.59  F1-macro:   0.68
root - INFO - **********
